python : Creating 
test database for 
alias 'default'...
At line:1 char:1
+ python manage.py 
test voice_gateway > 
test_output.txt 2>&1
+ ~~~~~~~~~~~~~~~~~~~~
~~~~~~~~~~~~~~~~~~~~~~
~~~~~~~~~~~~~~~~
    + CategoryInfo    
          : NotSpeci  
  fied: (Creating t   
 est d...as 'defau    
lt'...:String) []    
, RemoteException
    + FullyQualifiedE 
   rrorId : NativeCo  
  mmandError
 

Found 3 test(s).
System check identified no issues (0 silenced).
..F
======================
======================
======================
====
FAIL: 
test_shaping_logic (vo
ice_gateway.tests.Voic
eGatewayUnitTests.test
_shaping_logic)
Test the shaping 
layer produces short, 
Bulgarian text.
----------------------
----------------------
----------------------
----
Traceback (most 
recent call last):
  File "C:\Users\Admin
\Documents\Projects\He
lloAgain\backend\voice
_gateway\tests.py", 
line 28, in 
test_shaping_logic
    self.assertIn("\u0
43f\u043e\u0432\u0442\
u043e\u0440\u0438\u044
2\u0435", 
text_fallback)
    ~~~~~~~~~~~~~^^^^^
^^^^^^^^^^^^^^^^^^^^^^
^
AssertionError: '\u043
f\u043e\u0432\u0442\u0
43e\u0440\u0438\u0442\
u0435' not found in 
'\u041d\u0435 
\u0441\u044a\u043c \u0
441\u0438\u0433\u0443\
u0440\u0435\u043d, 
\u0447\u0435 \u0440\u0
430\u0437\u0431\u0440\
u0430\u0445 \u0434\u04
3e\u0431\u0440\u0435. 
\u0411\u0438\u0445\u04
42\u0435 \u043b\u0438 
\u043f\u043e\u0432\u04
42\u043e\u0440\u0438\u
043b\u0438 \u0432\u044
a\u043f\u0440\u043e\u0
441\u0430 
\u0441\u0438?'

----------------------
----------------------
----------------------
----
Ran 3 tests in 0.018s

FAILED (failures=1)
Destroying test 
database for alias 
'default'...

